// Jest Snapshot v1, https://goo.gl/fbAQLP

exports[`Header matches snapshot 1`] = `
Array [
  <header />,
  <nav
    className="navbar navbar-expand-sm"
  >
    <a
      className="navbar-brand"
      href="https://www.qa.com"
      rel="noreferrer"
      target="_blank"
    >
      <img
        alt="QA Ltd"
        src="qalogo.svg"
        width={100}
      />
    </a>
    <a
      className="navbar-brand"
      href="/"
    >
      <h1>
        Todo Appliaction
      </h1>
    </a>
  </nav>,
]
`;
